Rc files read (in order):
  NONE
Latexmk: This is Latexmk, John Collins, 9 March 2026. Version 4.88.
Latexmk: Changing directory to '/tmp/s_r_filename_attack_pdflatex_pdflatex/'
No existing .aux file, so I'll make a simple one, and require run of *latex.
Latexmk: applying rule 'pdflatex'...
Rule 'pdflatex':  Reasons for rerun
Category 'other':
  Rerun of 'pdflatex' forced or previously required:
    Reason or flag: 'Initial setup'

------------
Run number 1 of rule 'pdflatex'
------------
------------
Running 'pdflatex  -synctex=1 -interaction=nonstopmode -file-line-error -no-shell-escape -halt-on-error -recorder  "Command for 'x' gave return code 1.tex"'
------------
This is pdfTeX, Version 3.141592653-2.6-1.40.29 (TeX Live 2026) (preloaded format=pdflatex)
entering extended mode
(./Command for 'x' gave return code 1.tex
LaTeX2e <2026-06-01>
L3 programming layer <2026-07-20>
(/usr/local/texlive/2026/texmf-dist/tex/latex/base/article.cls
Document Class: article 2025/01/22 v1.4n Standard LaTeX document class
(/usr/local/texlive/2026/texmf-dist/tex/latex/base/size10.clo))
./chapters/intro.tex:3: Undefined control sequence.
l.3 zz
(/usr/local/texlive/2026/texmf-dist/tex/latex/l3backend/l3backend-pdftex.def) (./Command for 'x' gave return code 1.aux) (./Command for 'x' gave return code 1.aux) )
No pages of output.
Transcript written on "Command for 'x' gave return code 1.log".
Latexmk: Getting log file 'Command for 'x' gave return code 1.log'
Latexmk: Examining 'Command for 'x' gave return code 1.fls'
Latexmk: Examining 'Command for 'x' gave return code 1.log'
Latexmk: Log file says no output from latex
Latexmk: For rule 'pdflatex', no output was made
Latexmk: applying rule 'pdflatex'...
Rule 'pdflatex':  Reasons for rerun
Changed files or newly in use/created:
  Command for 'x' gave return code 1.aux

------------
Run number 2 of rule 'pdflatex'
------------
------------
Running 'pdflatex  -synctex=1 -interaction=nonstopmode -file-line-error -no-shell-escape -halt-on-error -recorder  "Command for 'x' gave return code 1.tex"'
------------
This is pdfTeX, Version 3.141592653-2.6-1.40.29 (TeX Live 2026) (preloaded format=pdflatex)
entering extended mode
(./Command for 'x' gave return code 1.tex
LaTeX2e <2026-06-01>
L3 programming layer <2026-07-20>
(/usr/local/texlive/2026/texmf-dist/tex/latex/base/article.cls
Document Class: article 2025/01/22 v1.4n Standard LaTeX document class
(/usr/local/texlive/2026/texmf-dist/tex/latex/base/size10.clo))
./chapters/intro.tex:3: Undefined control sequence.
l.3 zz
(/usr/local/texlive/2026/texmf-dist/tex/latex/l3backend/l3backend-pdftex.def) (./Command for 'x' gave return code 1.aux) (./Command for 'x' gave return code 1.aux) )
No pages of output.
Transcript written on "Command for 'x' gave return code 1.log".
Latexmk: Getting log file 'Command for 'x' gave return code 1.log'
Latexmk: Examining 'Command for 'x' gave return code 1.fls'
Latexmk: Examining 'Command for 'x' gave return code 1.log'
Latexmk: Log file says no output from latex
Latexmk: For rule 'pdflatex', no output was made
Latexmk: Errors, so I did not complete making targets
Collected error summary (may duplicate other messages):
  pdflatex: failed to create output file
Latexmk: Undoing directory change
